// Jest Snapshot v1, https://goo.gl/fbAQLP

exports[`should display a loading message, then display a requested character 1`] = `
Object {
  "asFragment": [Function],
  "baseElement": <body>
    <div>
      <h1>
        Characters
         
      </h1>
      <nav
        class="container"
      >
        <button
          class="button"
          disabled=""
        >
          ⏪
        </button>
        <button
          class="button"
          disabled=""
        >
          ◀️
        </button>
        <span
          class="pageCount"
        >
          1
           / 
          1
           
        </span>
        <button
          class="button"
          disabled=""
        >
          ▶️
        </button>
        <button
          class="button"
          disabled=""
        >
          ⏩
        </button>
      </nav>
      <ul
        aria-label="characters"
        class="list"
      >
        <li
          class="item"
        >
          <a
            href="/characters/1"
          >
            <figure>
              <img
                alt="Rick"
                class="image"
                src="something"
              />
              <figcaption
                class="linkText"
              >
                Rick
              </figcaption>
            </figure>
          </a>
        </li>
        <li
          class="item"
        >
          <a
            href="/characters/2"
          >
            <figure>
              <img
                alt="Morty"
                class="image"
                src="something"
              />
              <figcaption
                class="linkText"
              >
                Morty
              </figcaption>
            </figure>
          </a>
        </li>
        <li
          class="item"
        >
          <a
            href="/characters/3"
          >
            <figure>
              <img
                alt="PickleRick"
                class="image"
                src="something"
              />
              <figcaption
                class="linkText"
              >
                PickleRick
              </figcaption>
            </figure>
          </a>
        </li>
      </ul>
    </div>
  </body>,
  "container": <div>
    <h1>
      Characters
       
    </h1>
    <nav
      class="container"
    >
      <button
        class="button"
        disabled=""
      >
        ⏪
      </button>
      <button
        class="button"
        disabled=""
      >
        ◀️
      </button>
      <span
        class="pageCount"
      >
        1
         / 
        1
         
      </span>
      <button
        class="button"
        disabled=""
      >
        ▶️
      </button>
      <button
        class="button"
        disabled=""
      >
        ⏩
      </button>
    </nav>
    <ul
      aria-label="characters"
      class="list"
    >
      <li
        class="item"
      >
        <a
          href="/characters/1"
        >
          <figure>
            <img
              alt="Rick"
              class="image"
              src="something"
            />
            <figcaption
              class="linkText"
            >
              Rick
            </figcaption>
          </figure>
        </a>
      </li>
      <li
        class="item"
      >
        <a
          href="/characters/2"
        >
          <figure>
            <img
              alt="Morty"
              class="image"
              src="something"
            />
            <figcaption
              class="linkText"
            >
              Morty
            </figcaption>
          </figure>
        </a>
      </li>
      <li
        class="item"
      >
        <a
          href="/characters/3"
        >
          <figure>
            <img
              alt="PickleRick"
              class="image"
              src="something"
            />
            <figcaption
              class="linkText"
            >
              PickleRick
            </figcaption>
          </figure>
        </a>
      </li>
    </ul>
  </div>,
  "debug": [Function],
  "findAllByAltText": [Function],
  "findAllByDisplayValue": [Function],
  "findAllByLabelText": [Function],
  "findAllByPlaceholderText": [Function],
  "findAllByRole": [Function],
  "findAllByTestId": [Function],
  "findAllByText": [Function],
  "findAllByTitle": [Function],
  "findByAltText": [Function],
  "findByDisplayValue": [Function],
  "findByLabelText": [Function],
  "findByPlaceholderText": [Function],
  "findByRole": [Function],
  "findByTestId": [Function],
  "findByText": [Function],
  "findByTitle": [Function],
  "getAllByAltText": [Function],
  "getAllByDisplayValue": [Function],
  "getAllByLabelText": [Function],
  "getAllByPlaceholderText": [Function],
  "getAllByRole": [Function],
  "getAllByTestId": [Function],
  "getAllByText": [Function],
  "getAllByTitle": [Function],
  "getByAltText": [Function],
  "getByDisplayValue": [Function],
  "getByLabelText": [Function],
  "getByPlaceholderText": [Function],
  "getByRole": [Function],
  "getByTestId": [Function],
  "getByText": [Function],
  "getByTitle": [Function],
  "queryAllByAltText": [Function],
  "queryAllByDisplayValue": [Function],
  "queryAllByLabelText": [Function],
  "queryAllByPlaceholderText": [Function],
  "queryAllByRole": [Function],
  "queryAllByTestId": [Function],
  "queryAllByText": [Function],
  "queryAllByTitle": [Function],
  "queryByAltText": [Function],
  "queryByDisplayValue": [Function],
  "queryByLabelText": [Function],
  "queryByPlaceholderText": [Function],
  "queryByRole": [Function],
  "queryByTestId": [Function],
  "queryByText": [Function],
  "queryByTitle": [Function],
  "rerender": [Function],
  "unmount": [Function],
}
`;
